******************************************************************************
                  MSP430 Linker PC v16.9.0                     
******************************************************************************
>> Linked Fri Apr 20 13:27:02 2018

OUTPUT FILE NAME:   <Micro_LAB6.out>
ENTRY POINT SYMBOL: "_c_int00_noargs_noexit"  address: 0000ce3a


MEMORY CONFIGURATION

         name            origin    length      used     unused   attr    fill
----------------------  --------  ---------  --------  --------  ----  --------
  SFR                   00000000   00000010  00000000  00000010  RWIX
  PERIPHERALS_8BIT      00000010   000000f0  00000000  000000f0  RWIX
  PERIPHERALS_16BIT     00000100   00000100  00000000  00000100  RWIX
  RAM                   00000200   00000200  0000006a  00000196  RWIX
  INFOD                 00001000   00000040  00000000  00000040  RWIX
  INFOC                 00001040   00000040  00000000  00000040  RWIX
  INFOB                 00001080   00000040  00000000  00000040  RWIX
  INFOA                 000010c0   00000040  00000000  00000040  RWIX
  FLASH                 0000c000   00003fde  00000f0c  000030d2  RWIX
  BSLSIGNATURE          0000ffde   00000002  00000002  00000000  RWIX  ffff 
  INT00                 0000ffe0   00000002  00000002  00000000  RWIX
  INT01                 0000ffe2   00000002  00000000  00000002  RWIX
  INT02                 0000ffe4   00000002  00000002  00000000  RWIX
  INT03                 0000ffe6   00000002  00000002  00000000  RWIX
  INT04                 0000ffe8   00000002  00000000  00000002  RWIX
  INT05                 0000ffea   00000002  00000002  00000000  RWIX
  INT06                 0000ffec   00000002  00000002  00000000  RWIX
  INT07                 0000ffee   00000002  00000002  00000000  RWIX
  INT08                 0000fff0   00000002  00000002  00000000  RWIX
  INT09                 0000fff2   00000002  00000002  00000000  RWIX
  INT10                 0000fff4   00000002  00000002  00000000  RWIX
  INT11                 0000fff6   00000002  00000002  00000000  RWIX
  INT12                 0000fff8   00000002  00000002  00000000  RWIX
  INT13                 0000fffa   00000002  00000002  00000000  RWIX
  INT14                 0000fffc   00000002  00000002  00000000  RWIX
  RESET                 0000fffe   00000002  00000002  00000000  RWIX


SECTION ALLOCATION MAP

 output                                  attributes/
section   page    origin      length       input sections
--------  ----  ----------  ----------   ----------------
.data      0    00000200    00000014     UNINITIALIZED
                  00000200    00000014     main.obj (.data)

.bss       0    00000214    00000006     UNINITIALIZED
                  00000214    00000006     (.common:ADCReading)

.stack     0    000003b0    00000050     UNINITIALIZED
                  000003b0    00000002     rts430_eabi.lib : boot.obj (.stack)
                  000003b2    0000004e     --HOLE--

.text      0    0000c000    00000eee     
                  0000c000    000003e0     main.obj (.text:main)
                  0000c3e0    00000286     rts430_eabi.lib : frcmpyd.obj (.text:__TI_frcmpyd)
                  0000c666    0000026e                     : mpyd.obj (.text:__mspabi_mpyd)
                  0000c8d4    000000dc                     : cmpd.obj (.text:__mspabi_cmpd)
                  0000c9b0    000000ac                     : fltlid.obj (.text:__mspabi_fltlid)
                  0000ca5c    0000008e     main.obj (.text:getanalogvalues)
                  0000caea    0000007c     rts430_eabi.lib : copy_decompress_lzss.obj (.text:decompress:lzss:__TI_decompress_lzss)
                  0000cb66    0000006e                     : autoinit.obj (.text:_auto_init)
                  0000cbd4    0000005c                     : lsr32.obj (.text:l_lsr_const)
                  0000cc30    0000005a                     : cpy_tbl.obj (.text:copy_in)
                  0000cc8a    0000004c                     : lsr16.obj (.text)
                  0000ccd6    0000003e                     : asr32.obj (.text:l_asr_const)
                  0000cd14    0000003e                     : lsl32.obj (.text:l_lsl_const)
                  0000cd52    0000002c                     : asr16.obj (.text)
                  0000cd7e    0000002c                     : div16s.obj (.text)
                  0000cdaa    0000002c                     : lsl16.obj (.text)
                  0000cdd6    00000026                     : mult32.obj (.text)
                  0000cdfc    00000020     main.obj (.text:ConfigureAdc)
                  0000ce1c    0000001e     main.obj (.text:fadeLED)
                  0000ce3a    0000001a     rts430_eabi.lib : boot_special.obj (.text:_c_int00_noargs_noexit)
                  0000ce54    00000016                     : div16u.obj (.text)
                  0000ce6a    00000014                     : copy_zero_init.obj (.text:decompress:ZI:__TI_zero_init)
                  0000ce7e    00000014                     : mult16.obj (.text)
                  0000ce92    00000012                     : copy_decompress_none.obj (.text:decompress:none:__TI_decompress_none)
                  0000cea4    00000012                     : memcpy.obj (.text:memcpy)
                  0000ceb6    00000010                     : epilog.obj (.text)
                  0000cec6    0000000c                     : fltid.obj (.text:__mspabi_fltid)
                  0000ced2    00000008     main.obj (.text:ADC10_ISR)
                  0000ceda    00000008     rts430_eabi.lib : isr_trap.obj (.text:_isr:__TI_ISR_TRAP)
                  0000cee2    00000006                     : exit.obj (.text:abort)
                  0000cee8    00000004                     : pre_init.obj (.text:_system_pre_init)
                  0000ceec    00000002                     : startup.obj (.text:_system_post_cinit)

.cinit     0    0000ceee    0000001e     
                  0000ceee    0000000c     (.cinit..data.load) [load image, compression = lzss]
                  0000cefa    00000006     (__TI_handler_table)
                  0000cf00    00000004     (.cinit..bss.load) [load image, compression = zero_init]
                  0000cf04    00000008     (__TI_cinit_table)

.binit     0    0000c000    00000000     

.init_array 
*          0    0000c000    00000000     UNINITIALIZED

TRAPINT    0    0000ffe0    00000002     
                  0000ffe0    00000002     rts430_eabi.lib : int00.obj (.int00)

$fill000   0    0000ffde    00000002     
                  0000ffde    00000002     --HOLE-- [fill = ffff]

PORT1      0    0000ffe4    00000002     
                  0000ffe4    00000002     rts430_eabi.lib : int02.obj (.int02)

PORT2      0    0000ffe6    00000002     
                  0000ffe6    00000002     rts430_eabi.lib : int03.obj (.int03)

ADC10      0    0000ffea    00000002     
                  0000ffea    00000002     main.obj (.int05)

USCIAB0TX 
*          0    0000ffec    00000002     
                  0000ffec    00000002     rts430_eabi.lib : int06.obj (.int06)

USCIAB0RX 
*          0    0000ffee    00000002     
                  0000ffee    00000002     rts430_eabi.lib : int07.obj (.int07)

TIMER0_A1 
*          0    0000fff0    00000002     
                  0000fff0    00000002     rts430_eabi.lib : int08.obj (.int08)

TIMER0_A0 
*          0    0000fff2    00000002     
                  0000fff2    00000002     rts430_eabi.lib : int09.obj (.int09)

WDT        0    0000fff4    00000002     
                  0000fff4    00000002     rts430_eabi.lib : int10.obj (.int10)

COMPARATORA 
*          0    0000fff6    00000002     
                  0000fff6    00000002     rts430_eabi.lib : int11.obj (.int11)

TIMER1_A1 
*          0    0000fff8    00000002     
                  0000fff8    00000002     rts430_eabi.lib : int12.obj (.int12)

TIMER1_A0 
*          0    0000fffa    00000002     
                  0000fffa    00000002     rts430_eabi.lib : int13.obj (.int13)

NMI        0    0000fffc    00000002     
                  0000fffc    00000002     rts430_eabi.lib : int14.obj (.int14)

.reset     0    0000fffe    00000002     
                  0000fffe    00000002     rts430_eabi.lib : boot.obj (.reset)

MODULE SUMMARY

       Module                     code   ro data   rw data
       ------                     ----   -------   -------
    .\
       main.obj                   1204   2         26     
    +--+--------------------------+------+---------+---------+
       Total:                     1204   2         26     
                                                          
    C:\ti\ccsv7\tools\compiler\ti-cgt-msp430_16.9.0.LTS\lib\rts430_eabi.lib
       frcmpyd.obj                646    0         0      
       mpyd.obj                   622    0         0      
       cmpd.obj                   220    0         0      
       fltlid.obj                 172    0         0      
       copy_decompress_lzss.obj   124    0         0      
       autoinit.obj               110    0         0      
       lsr32.obj                  92     0         0      
       cpy_tbl.obj                90     0         0      
       lsr16.obj                  76     0         0      
       asr32.obj                  62     0         0      
       lsl32.obj                  62     0         0      
       asr16.obj                  44     0         0      
       div16s.obj                 44     0         0      
       lsl16.obj                  44     0         0      
       mult32.obj                 38     0         0      
       boot_special.obj           26     0         0      
       div16u.obj                 22     0         0      
       copy_zero_init.obj         20     0         0      
       mult16.obj                 20     0         0      
       copy_decompress_none.obj   18     0         0      
       memcpy.obj                 18     0         0      
       epilog.obj                 16     0         0      
       fltid.obj                  12     0         0      
       isr_trap.obj               8      0         0      
       exit.obj                   6      0         0      
       pre_init.obj               4      0         0      
       boot.obj                   0      2         0      
       int00.obj                  0      2         0      
       int02.obj                  0      2         0      
       int03.obj                  0      2         0      
       int06.obj                  0      2         0      
       int07.obj                  0      2         0      
       int08.obj                  0      2         0      
       int09.obj                  0      2         0      
       int10.obj                  0      2         0      
       int11.obj                  0      2         0      
       int12.obj                  0      2         0      
       int13.obj                  0      2         0      
       int14.obj                  0      2         0      
       startup.obj                2      0         0      
    +--+--------------------------+------+---------+---------+
       Total:                     2618   26        0      
                                                          
       Stack:                     0      0         80     
       Linker Generated:          0      30        0      
    +--+--------------------------+------+---------+---------+
       Grand Total:               3822   58        106    


LINKER GENERATED COPY TABLES

__TI_cinit_table @ 0000cf04 records: 2, size/record: 4, table size: 8
	.data: load addr=0000ceee, load size=0000000c bytes, run addr=00000200, run size=00000014 bytes, compression=lzss
	.bss: load addr=0000cf00, load size=00000004 bytes, run addr=00000214, run size=00000006 bytes, compression=zero_init


LINKER GENERATED HANDLER TABLE

__TI_handler_table @ 0000cefa records: 3, size/record: 2, table size: 6
	index: 0, handler: __TI_zero_init
	index: 1, handler: __TI_decompress_lzss
	index: 2, handler: __TI_decompress_none


GLOBAL SYMBOLS: SORTED ALPHABETICALLY BY Name 

address   name                    
-------   ----                    
0000004a  ADC10AE0                
000001b0  ADC10CTL0               
000001b2  ADC10CTL1               
00000048  ADC10DTC0               
00000049  ADC10DTC1               
000001b4  ADC10MEM                
000001bc  ADC10SA                 
0000ced2  ADC10_ISR               
00000214  ADCReading              
00000057  BCSCTL1                 
00000058  BCSCTL2                 
00000053  BCSCTL3                 
0000cee2  C$$EXIT                 
00000059  CACTL1                  
0000005a  CACTL2                  
000010fb  CALBC1_12MHZ            
000010f9  CALBC1_16MHZ            
000010ff  CALBC1_1MHZ             
000010fd  CALBC1_8MHZ             
000010fa  CALDCO_12MHZ            
000010f8  CALDCO_16MHZ            
000010fe  CALDCO_1MHZ             
000010fc  CALDCO_8MHZ             
0000005b  CAPD                    
0000cdfc  ConfigureAdc            
00000056  DCOCTL                  
00000128  FCTL1                   
0000012a  FCTL2                   
0000012c  FCTL3                   
00000000  IE1                     
00000001  IE2                     
00000002  IFG1                    
00000003  IFG2                    
00000022  P1DIR                   
00000025  P1IE                    
00000024  P1IES                   
00000023  P1IFG                   
00000020  P1IN                    
00000021  P1OUT                   
00000027  P1REN                   
00000026  P1SEL                   
00000041  P1SEL2                  
0000002a  P2DIR                   
0000002d  P2IE                    
0000002c  P2IES                   
0000002b  P2IFG                   
00000028  P2IN                    
00000029  P2OUT                   
0000002f  P2REN                   
0000002e  P2SEL                   
00000042  P2SEL2                  
0000001a  P3DIR                   
00000018  P3IN                    
00000019  P3OUT                   
00000010  P3REN                   
0000001b  P3SEL                   
00000043  P3SEL2                  
00000172  TA0CCR0                 
00000174  TA0CCR1                 
00000176  TA0CCR2                 
00000162  TA0CCTL0                
00000164  TA0CCTL1                
00000166  TA0CCTL2                
00000160  TA0CTL                  
0000012e  TA0IV                   
00000170  TA0R                    
00000192  TA1CCR0                 
00000194  TA1CCR1                 
00000196  TA1CCR2                 
00000182  TA1CCTL0                
00000184  TA1CCTL1                
00000186  TA1CCTL2                
00000180  TA1CTL                  
0000011e  TA1IV                   
00000190  TA1R                    
000010db  TLV_ADC10_1_LEN         
000010da  TLV_ADC10_1_TAG         
000010c0  TLV_CHECKSUM            
000010f7  TLV_DCO_30_LEN          
000010f6  TLV_DCO_30_TAG          
0000005d  UCA0ABCTL               
00000062  UCA0BR0                 
00000063  UCA0BR1                 
00000060  UCA0CTL0                
00000061  UCA0CTL1                
0000005f  UCA0IRRCTL              
0000005e  UCA0IRTCTL              
00000064  UCA0MCTL                
00000066  UCA0RXBUF               
00000065  UCA0STAT                
00000067  UCA0TXBUF               
0000006a  UCB0BR0                 
0000006b  UCB0BR1                 
00000068  UCB0CTL0                
00000069  UCB0CTL1                
0000006c  UCB0I2CIE               
00000118  UCB0I2COA               
0000011a  UCB0I2CSA               
0000006e  UCB0RXBUF               
0000006d  UCB0STAT                
0000006f  UCB0TXBUF               
00000120  WDTCTL                  
00000400  __STACK_END             
00000050  __STACK_SIZE            
UNDEFED   __TI_BINIT_Base         
UNDEFED   __TI_BINIT_Limit        
0000cf04  __TI_CINIT_Base         
0000cf0c  __TI_CINIT_Limit        
0000cefa  __TI_Handler_Table_Base 
0000cf00  __TI_Handler_Table_Limit
UNDEFED   __TI_INITARRAY_Base     
UNDEFED   __TI_INITARRAY_Limit    
0000ceda  __TI_ISR_TRAP           
0000caea  __TI_decompress_lzss    
0000ce92  __TI_decompress_none    
0000c3e0  __TI_frcmpyd            
0000ffe0  __TI_int00              
0000ffe4  __TI_int02              
0000ffe6  __TI_int03              
0000ffea  __TI_int05              
0000ffec  __TI_int06              
0000ffee  __TI_int07              
0000fff0  __TI_int08              
0000fff2  __TI_int09              
0000fff4  __TI_int10              
0000fff6  __TI_int11              
0000fff8  __TI_int12              
0000fffa  __TI_int13              
0000fffc  __TI_int14              
ffffffff  __TI_pprof_out_hndl     
ffffffff  __TI_prof_data_size     
ffffffff  __TI_prof_data_start    
0000ce6a  __TI_zero_init          
ffffffff  __c_args__              
0000c8d4  __mspabi_cmpd           
0000cd7e  __mspabi_divi           
0000ce54  __mspabi_divu           
0000cec6  __mspabi_fltid          
0000c9b0  __mspabi_fltlid         
0000cec2  __mspabi_func_epilog_1  
0000cec0  __mspabi_func_epilog_2  
0000cebe  __mspabi_func_epilog_3  
0000cebc  __mspabi_func_epilog_4  
0000ceba  __mspabi_func_epilog_5  
0000ceb8  __mspabi_func_epilog_6  
0000ceb6  __mspabi_func_epilog_7  
0000c666  __mspabi_mpyd           
0000ce7e  __mspabi_mpyi           
0000ce7e  __mspabi_mpyi_sw        
0000cdd6  __mspabi_mpyl           
0000cdd6  __mspabi_mpyl_sw        
0000cd7e  __mspabi_remi           
0000ce54  __mspabi_remu           
0000cdaa  __mspabi_slli           
0000cdd2  __mspabi_slli_1         
0000cdc0  __mspabi_slli_10        
0000cdbe  __mspabi_slli_11        
0000cdbc  __mspabi_slli_12        
0000cdba  __mspabi_slli_13        
0000cdb8  __mspabi_slli_14        
0000cdb6  __mspabi_slli_15        
0000cdd0  __mspabi_slli_2         
0000cdce  __mspabi_slli_3         
0000cdcc  __mspabi_slli_4         
0000cdca  __mspabi_slli_5         
0000cdc8  __mspabi_slli_6         
0000cdc6  __mspabi_slli_7         
0000cdc4  __mspabi_slli_8         
0000cdc2  __mspabi_slli_9         
0000cd4c  __mspabi_slll_1         
0000cd28  __mspabi_slll_10        
0000cd24  __mspabi_slll_11        
0000cd20  __mspabi_slll_12        
0000cd1c  __mspabi_slll_13        
0000cd18  __mspabi_slll_14        
0000cd14  __mspabi_slll_15        
0000cd48  __mspabi_slll_2         
0000cd44  __mspabi_slll_3         
0000cd40  __mspabi_slll_4         
0000cd3c  __mspabi_slll_5         
0000cd38  __mspabi_slll_6         
0000cd34  __mspabi_slll_7         
0000cd30  __mspabi_slll_8         
0000cd2c  __mspabi_slll_9         
0000cd52  __mspabi_srai           
0000cd7a  __mspabi_srai_1         
0000cd68  __mspabi_srai_10        
0000cd66  __mspabi_srai_11        
0000cd64  __mspabi_srai_12        
0000cd62  __mspabi_srai_13        
0000cd60  __mspabi_srai_14        
0000cd5e  __mspabi_srai_15        
0000cd78  __mspabi_srai_2         
0000cd76  __mspabi_srai_3         
0000cd74  __mspabi_srai_4         
0000cd72  __mspabi_srai_5         
0000cd70  __mspabi_srai_6         
0000cd6e  __mspabi_srai_7         
0000cd6c  __mspabi_srai_8         
0000cd6a  __mspabi_srai_9         
0000cd0e  __mspabi_sral_1         
0000ccea  __mspabi_sral_10        
0000cce6  __mspabi_sral_11        
0000cce2  __mspabi_sral_12        
0000ccde  __mspabi_sral_13        
0000ccda  __mspabi_sral_14        
0000ccd6  __mspabi_sral_15        
0000cd0a  __mspabi_sral_2         
0000cd06  __mspabi_sral_3         
0000cd02  __mspabi_sral_4         
0000ccfe  __mspabi_sral_5         
0000ccfa  __mspabi_sral_6         
0000ccf6  __mspabi_sral_7         
0000ccf2  __mspabi_sral_8         
0000ccee  __mspabi_sral_9         
0000cc8a  __mspabi_srli           
0000ccd0  __mspabi_srli_1         
0000ccac  __mspabi_srli_10        
0000cca8  __mspabi_srli_11        
0000cca4  __mspabi_srli_12        
0000cca0  __mspabi_srli_13        
0000cc9c  __mspabi_srli_14        
0000cc98  __mspabi_srli_15        
0000cccc  __mspabi_srli_2         
0000ccc8  __mspabi_srli_3         
0000ccc4  __mspabi_srli_4         
0000ccc0  __mspabi_srli_5         
0000ccbc  __mspabi_srli_6         
0000ccb8  __mspabi_srli_7         
0000ccb4  __mspabi_srli_8         
0000ccb0  __mspabi_srli_9         
0000cc28  __mspabi_srll_1         
0000cbf2  __mspabi_srll_10        
0000cbec  __mspabi_srll_11        
0000cbe6  __mspabi_srll_12        
0000cbe0  __mspabi_srll_13        
0000cbda  __mspabi_srll_14        
0000cbd4  __mspabi_srll_15        
0000cc22  __mspabi_srll_2         
0000cc1c  __mspabi_srll_3         
0000cc16  __mspabi_srll_4         
0000cc10  __mspabi_srll_5         
0000cc0a  __mspabi_srll_6         
0000cc04  __mspabi_srll_7         
0000cbfe  __mspabi_srll_8         
0000cbf8  __mspabi_srll_9         
0000cb66  _auto_init              
0000ce3a  _c_int00_noargs_noexit  
0000fffe  _reset_vector           
000003b0  _stack                  
0000ceec  _system_post_cinit      
0000cee8  _system_pre_init        
0000cee2  abort                   
0000cc30  copy_in                 
00000208  dimled                  
0000ce1c  fadeLED                 
00000212  flag                    
0000ca5c  getanalogvalues         
00000202  i                       
00000204  light                   
00000206  lightroom               
0000c000  main                    
0000cea4  memcpy                  
0000020a  temp                    
0000020c  temproom                
0000020e  touch                   
00000210  touchroom               
00000200  value                   


GLOBAL SYMBOLS: SORTED BY Symbol Address 

address   name                    
-------   ----                    
00000000  IE1                     
00000001  IE2                     
00000002  IFG1                    
00000003  IFG2                    
00000010  P3REN                   
00000018  P3IN                    
00000019  P3OUT                   
0000001a  P3DIR                   
0000001b  P3SEL                   
00000020  P1IN                    
00000021  P1OUT                   
00000022  P1DIR                   
00000023  P1IFG                   
00000024  P1IES                   
00000025  P1IE                    
00000026  P1SEL                   
00000027  P1REN                   
00000028  P2IN                    
00000029  P2OUT                   
0000002a  P2DIR                   
0000002b  P2IFG                   
0000002c  P2IES                   
0000002d  P2IE                    
0000002e  P2SEL                   
0000002f  P2REN                   
00000041  P1SEL2                  
00000042  P2SEL2                  
00000043  P3SEL2                  
00000048  ADC10DTC0               
00000049  ADC10DTC1               
0000004a  ADC10AE0                
00000050  __STACK_SIZE            
00000053  BCSCTL3                 
00000056  DCOCTL                  
00000057  BCSCTL1                 
00000058  BCSCTL2                 
00000059  CACTL1                  
0000005a  CACTL2                  
0000005b  CAPD                    
0000005d  UCA0ABCTL               
0000005e  UCA0IRTCTL              
0000005f  UCA0IRRCTL              
00000060  UCA0CTL0                
00000061  UCA0CTL1                
00000062  UCA0BR0                 
00000063  UCA0BR1                 
00000064  UCA0MCTL                
00000065  UCA0STAT                
00000066  UCA0RXBUF               
00000067  UCA0TXBUF               
00000068  UCB0CTL0                
00000069  UCB0CTL1                
0000006a  UCB0BR0                 
0000006b  UCB0BR1                 
0000006c  UCB0I2CIE               
0000006d  UCB0STAT                
0000006e  UCB0RXBUF               
0000006f  UCB0TXBUF               
00000118  UCB0I2COA               
0000011a  UCB0I2CSA               
0000011e  TA1IV                   
00000120  WDTCTL                  
00000128  FCTL1                   
0000012a  FCTL2                   
0000012c  FCTL3                   
0000012e  TA0IV                   
00000160  TA0CTL                  
00000162  TA0CCTL0                
00000164  TA0CCTL1                
00000166  TA0CCTL2                
00000170  TA0R                    
00000172  TA0CCR0                 
00000174  TA0CCR1                 
00000176  TA0CCR2                 
00000180  TA1CTL                  
00000182  TA1CCTL0                
00000184  TA1CCTL1                
00000186  TA1CCTL2                
00000190  TA1R                    
00000192  TA1CCR0                 
00000194  TA1CCR1                 
00000196  TA1CCR2                 
000001b0  ADC10CTL0               
000001b2  ADC10CTL1               
000001b4  ADC10MEM                
000001bc  ADC10SA                 
00000200  value                   
00000202  i                       
00000204  light                   
00000206  lightroom               
00000208  dimled                  
0000020a  temp                    
0000020c  temproom                
0000020e  touch                   
00000210  touchroom               
00000212  flag                    
00000214  ADCReading              
000003b0  _stack                  
00000400  __STACK_END             
000010c0  TLV_CHECKSUM            
000010da  TLV_ADC10_1_TAG         
000010db  TLV_ADC10_1_LEN         
000010f6  TLV_DCO_30_TAG          
000010f7  TLV_DCO_30_LEN          
000010f8  CALDCO_16MHZ            
000010f9  CALBC1_16MHZ            
000010fa  CALDCO_12MHZ            
000010fb  CALBC1_12MHZ            
000010fc  CALDCO_8MHZ             
000010fd  CALBC1_8MHZ             
000010fe  CALDCO_1MHZ             
000010ff  CALBC1_1MHZ             
0000c000  main                    
0000c3e0  __TI_frcmpyd            
0000c666  __mspabi_mpyd           
0000c8d4  __mspabi_cmpd           
0000c9b0  __mspabi_fltlid         
0000ca5c  getanalogvalues         
0000caea  __TI_decompress_lzss    
0000cb66  _auto_init              
0000cbd4  __mspabi_srll_15        
0000cbda  __mspabi_srll_14        
0000cbe0  __mspabi_srll_13        
0000cbe6  __mspabi_srll_12        
0000cbec  __mspabi_srll_11        
0000cbf2  __mspabi_srll_10        
0000cbf8  __mspabi_srll_9         
0000cbfe  __mspabi_srll_8         
0000cc04  __mspabi_srll_7         
0000cc0a  __mspabi_srll_6         
0000cc10  __mspabi_srll_5         
0000cc16  __mspabi_srll_4         
0000cc1c  __mspabi_srll_3         
0000cc22  __mspabi_srll_2         
0000cc28  __mspabi_srll_1         
0000cc30  copy_in                 
0000cc8a  __mspabi_srli           
0000cc98  __mspabi_srli_15        
0000cc9c  __mspabi_srli_14        
0000cca0  __mspabi_srli_13        
0000cca4  __mspabi_srli_12        
0000cca8  __mspabi_srli_11        
0000ccac  __mspabi_srli_10        
0000ccb0  __mspabi_srli_9         
0000ccb4  __mspabi_srli_8         
0000ccb8  __mspabi_srli_7         
0000ccbc  __mspabi_srli_6         
0000ccc0  __mspabi_srli_5         
0000ccc4  __mspabi_srli_4         
0000ccc8  __mspabi_srli_3         
0000cccc  __mspabi_srli_2         
0000ccd0  __mspabi_srli_1         
0000ccd6  __mspabi_sral_15        
0000ccda  __mspabi_sral_14        
0000ccde  __mspabi_sral_13        
0000cce2  __mspabi_sral_12        
0000cce6  __mspabi_sral_11        
0000ccea  __mspabi_sral_10        
0000ccee  __mspabi_sral_9         
0000ccf2  __mspabi_sral_8         
0000ccf6  __mspabi_sral_7         
0000ccfa  __mspabi_sral_6         
0000ccfe  __mspabi_sral_5         
0000cd02  __mspabi_sral_4         
0000cd06  __mspabi_sral_3         
0000cd0a  __mspabi_sral_2         
0000cd0e  __mspabi_sral_1         
0000cd14  __mspabi_slll_15        
0000cd18  __mspabi_slll_14        
0000cd1c  __mspabi_slll_13        
0000cd20  __mspabi_slll_12        
0000cd24  __mspabi_slll_11        
0000cd28  __mspabi_slll_10        
0000cd2c  __mspabi_slll_9         
0000cd30  __mspabi_slll_8         
0000cd34  __mspabi_slll_7         
0000cd38  __mspabi_slll_6         
0000cd3c  __mspabi_slll_5         
0000cd40  __mspabi_slll_4         
0000cd44  __mspabi_slll_3         
0000cd48  __mspabi_slll_2         
0000cd4c  __mspabi_slll_1         
0000cd52  __mspabi_srai           
0000cd5e  __mspabi_srai_15        
0000cd60  __mspabi_srai_14        
0000cd62  __mspabi_srai_13        
0000cd64  __mspabi_srai_12        
0000cd66  __mspabi_srai_11        
0000cd68  __mspabi_srai_10        
0000cd6a  __mspabi_srai_9         
0000cd6c  __mspabi_srai_8         
0000cd6e  __mspabi_srai_7         
0000cd70  __mspabi_srai_6         
0000cd72  __mspabi_srai_5         
0000cd74  __mspabi_srai_4         
0000cd76  __mspabi_srai_3         
0000cd78  __mspabi_srai_2         
0000cd7a  __mspabi_srai_1         
0000cd7e  __mspabi_divi           
0000cd7e  __mspabi_remi           
0000cdaa  __mspabi_slli           
0000cdb6  __mspabi_slli_15        
0000cdb8  __mspabi_slli_14        
0000cdba  __mspabi_slli_13        
0000cdbc  __mspabi_slli_12        
0000cdbe  __mspabi_slli_11        
0000cdc0  __mspabi_slli_10        
0000cdc2  __mspabi_slli_9         
0000cdc4  __mspabi_slli_8         
0000cdc6  __mspabi_slli_7         
0000cdc8  __mspabi_slli_6         
0000cdca  __mspabi_slli_5         
0000cdcc  __mspabi_slli_4         
0000cdce  __mspabi_slli_3         
0000cdd0  __mspabi_slli_2         
0000cdd2  __mspabi_slli_1         
0000cdd6  __mspabi_mpyl           
0000cdd6  __mspabi_mpyl_sw        
0000cdfc  ConfigureAdc            
0000ce1c  fadeLED                 
0000ce3a  _c_int00_noargs_noexit  
0000ce54  __mspabi_divu           
0000ce54  __mspabi_remu           
0000ce6a  __TI_zero_init          
0000ce7e  __mspabi_mpyi           
0000ce7e  __mspabi_mpyi_sw        
0000ce92  __TI_decompress_none    
0000cea4  memcpy                  
0000ceb6  __mspabi_func_epilog_7  
0000ceb8  __mspabi_func_epilog_6  
0000ceba  __mspabi_func_epilog_5  
0000cebc  __mspabi_func_epilog_4  
0000cebe  __mspabi_func_epilog_3  
0000cec0  __mspabi_func_epilog_2  
0000cec2  __mspabi_func_epilog_1  
0000cec6  __mspabi_fltid          
0000ced2  ADC10_ISR               
0000ceda  __TI_ISR_TRAP           
0000cee2  C$$EXIT                 
0000cee2  abort                   
0000cee8  _system_pre_init        
0000ceec  _system_post_cinit      
0000cefa  __TI_Handler_Table_Base 
0000cf00  __TI_Handler_Table_Limit
0000cf04  __TI_CINIT_Base         
0000cf0c  __TI_CINIT_Limit        
0000ffe0  __TI_int00              
0000ffe4  __TI_int02              
0000ffe6  __TI_int03              
0000ffea  __TI_int05              
0000ffec  __TI_int06              
0000ffee  __TI_int07              
0000fff0  __TI_int08              
0000fff2  __TI_int09              
0000fff4  __TI_int10              
0000fff6  __TI_int11              
0000fff8  __TI_int12              
0000fffa  __TI_int13              
0000fffc  __TI_int14              
0000fffe  _reset_vector           
ffffffff  __TI_pprof_out_hndl     
ffffffff  __TI_prof_data_size     
ffffffff  __TI_prof_data_start    
ffffffff  __c_args__              
UNDEFED   __TI_BINIT_Base         
UNDEFED   __TI_BINIT_Limit        
UNDEFED   __TI_INITARRAY_Base     
UNDEFED   __TI_INITARRAY_Limit    

[268 symbols]
